0 verbose cli C:\Program Files\nodejs\node.exe C:\Program Files\nodejs\node_modules\npm\bin\npm-cli.js
1 info using npm@10.8.2
2 info using node@v20.20.0
3 silly config load:file:C:\Program Files\nodejs\node_modules\npm\npmrc
4 silly config load:file:C:\Users\25329\Desktop\nexus-flow\.npmrc
5 silly config load:file:C:\Users\25329\.npmrc
6 silly config load:file:C:\Users\25329\AppData\Roaming\npm\etc\npmrc
7 verbose title npm install
8 verbose argv "install" "--cache" ".npm-cache"
9 verbose logfile logs-max:10 dir:C:\Users\25329\Desktop\nexus-flow\.npm-cache\_logs\2026-05-26T16_47_25_106Z-
10 verbose logfile C:\Users\25329\Desktop\nexus-flow\.npm-cache\_logs\2026-05-26T16_47_25_106Z-debug-0.log
11 silly packumentCache heap:2197815296 maxSize:549453824 maxEntrySize:274726912
12 silly logfile done cleaning log files
13 silly idealTree buildDeps
14 silly fetch manifest @logicflow/core@1.2.27
15 silly packumentCache full:https://registry.npmjs.org/@logicflow%2fcore cache-miss
16 http fetch GET 200 https://registry.npmjs.org/@logicflow%2fcore 1450ms (cache miss)
17 silly packumentCache full:https://registry.npmjs.org/@logicflow%2fcore set size:undefined disposed:false
18 silly fetch manifest @logicflow/extension@1.2.27
19 silly packumentCache full:https://registry.npmjs.org/@logicflow%2fextension cache-miss
20 http fetch GET 200 https://registry.npmjs.org/@logicflow%2fextension 702ms (cache miss)
21 silly packumentCache full:https://registry.npmjs.org/@logicflow%2fextension set size:undefined disposed:false
22 silly fetch manifest axios@1.13.2
23 silly packumentCache full:https://registry.npmjs.org/axios cache-miss
24 http fetch GET 200 https://registry.npmjs.org/npm 2768ms
25 http fetch GET 200 https://registry.npmjs.org/axios 510ms (cache miss)
26 silly packumentCache full:https://registry.npmjs.org/axios set size:undefined disposed:false
27 silly fetch manifest core-js@3.46.0
28 silly packumentCache full:https://registry.npmjs.org/core-js cache-miss
29 http fetch GET 200 https://registry.npmjs.org/core-js 552ms (cache miss)
30 silly packumentCache full:https://registry.npmjs.org/core-js set size:undefined disposed:false
31 silly fetch manifest typescript@5.4.5
32 silly packumentCache full:https://registry.npmjs.org/typescript cache-miss
33 http fetch GET 200 https://registry.npmjs.org/typescript 3845ms (cache miss)
34 silly packumentCache full:https://registry.npmjs.org/typescript set size:undefined disposed:false
35 silly placeDep ROOT @logicflow/core@1.2.27 REPLACE for: nexus-flow@1.0.0 want: 1.2.27
36 silly placeDep ROOT @logicflow/extension@1.2.27 REPLACE for: nexus-flow@1.0.0 want: 1.2.27
37 silly placeDep ROOT axios@1.13.2 REPLACE for: nexus-flow@1.0.0 want: 1.13.2
38 silly placeDep ROOT core-js@3.46.0 REPLACE for: nexus-flow@1.0.0 want: 3.46.0
39 silly placeDep ROOT typescript@5.4.5 REPLACE for: nexus-flow@1.0.0 want: 5.4.5
40 silly fetch manifest proxy-from-env@^1.1.0
41 silly packumentCache full:https://registry.npmjs.org/proxy-from-env cache-miss
42 http fetch GET 200 https://registry.npmjs.org/proxy-from-env 250ms (cache miss)
43 silly packumentCache full:https://registry.npmjs.org/proxy-from-env set size:undefined disposed:false
44 silly placeDep ROOT proxy-from-env@1.1.0 OK for: axios@1.13.2 want: ^1.1.0
45 silly reify mark retired [
45 silly reify   'C:\\Users\\25329\\Desktop\\nexus-flow\\node_modules\\@logicflow\\core'
45 silly reify ]
46 silly reify mark retired [
46 silly reify   'C:\\Users\\25329\\Desktop\\nexus-flow\\node_modules\\@logicflow\\extension'
46 silly reify ]
47 silly reify mark retired [ 'C:\\Users\\25329\\Desktop\\nexus-flow\\node_modules\\axios' ]
48 silly reify mark retired [ 'C:\\Users\\25329\\Desktop\\nexus-flow\\node_modules\\core-js' ]
49 silly reify mark retired [
49 silly reify   'C:\\Users\\25329\\Desktop\\nexus-flow\\node_modules\\proxy-from-env'
49 silly reify ]
50 silly reify mark retired [
50 silly reify   'C:\\Users\\25329\\Desktop\\nexus-flow\\node_modules\\typescript',
50 silly reify   'C:\\Users\\25329\\Desktop\\nexus-flow\\node_modules\\.bin\\tsc',
50 silly reify   'C:\\Users\\25329\\Desktop\\nexus-flow\\node_modules\\.bin\\tsc.cmd',
50 silly reify   'C:\\Users\\25329\\Desktop\\nexus-flow\\node_modules\\.bin\\tsc.ps1',
50 silly reify   'C:\\Users\\25329\\Desktop\\nexus-flow\\node_modules\\.bin\\tsserver',
50 silly reify   'C:\\Users\\25329\\Desktop\\nexus-flow\\node_modules\\.bin\\tsserver.cmd',
50 silly reify   'C:\\Users\\25329\\Desktop\\nexus-flow\\node_modules\\.bin\\tsserver.ps1'
50 silly reify ]
51 silly reify moves {
51 silly reify   'C:\\Users\\25329\\Desktop\\nexus-flow\\node_modules\\@logicflow\\core': 'C:\\Users\\25329\\Desktop\\nexus-flow\\node_modules\\@logicflow\\.core-eqFMsWlq',
51 silly reify   'C:\\Users\\25329\\Desktop\\nexus-flow\\node_modules\\@logicflow\\extension': 'C:\\Users\\25329\\Desktop\\nexus-flow\\node_modules\\@logicflow\\.extension-3HReG08Q',
51 silly reify   'C:\\Users\\25329\\Desktop\\nexus-flow\\node_modules\\axios': 'C:\\Users\\25329\\Desktop\\nexus-flow\\node_modules\\.axios-OTvWnRqa',
51 silly reify   'C:\\Users\\25329\\Desktop\\nexus-flow\\node_modules\\core-js': 'C:\\Users\\25329\\Desktop\\nexus-flow\\node_modules\\.core-js-D3hwvMnM',
51 silly reify   'C:\\Users\\25329\\Desktop\\nexus-flow\\node_modules\\proxy-from-env': 'C:\\Users\\25329\\Desktop\\nexus-flow\\node_modules\\.proxy-from-env-wpkineVT',
51 silly reify   'C:\\Users\\25329\\Desktop\\nexus-flow\\node_modules\\typescript': 'C:\\Users\\25329\\Desktop\\nexus-flow\\node_modules\\.typescript-Xlkubs94',
51 silly reify   'C:\\Users\\25329\\Desktop\\nexus-flow\\node_modules\\.bin\\tsc': 'C:\\Users\\25329\\Desktop\\nexus-flow\\node_modules\\.bin\\.tsc-ConSCOtB',
51 silly reify   'C:\\Users\\25329\\Desktop\\nexus-flow\\node_modules\\.bin\\tsc.cmd': 'C:\\Users\\25329\\Desktop\\nexus-flow\\node_modules\\.bin\\.tsc.cmd-ulOf6nNq',
51 silly reify   'C:\\Users\\25329\\Desktop\\nexus-flow\\node_modules\\.bin\\tsc.ps1': 'C:\\Users\\25329\\Desktop\\nexus-flow\\node_modules\\.bin\\.tsc.ps1-RryZQDQO',
51 silly reify   'C:\\Users\\25329\\Desktop\\nexus-flow\\node_modules\\.bin\\tsserver': 'C:\\Users\\25329\\Desktop\\nexus-flow\\node_modules\\.bin\\.tsserver-hkYr1Thw',
51 silly reify   'C:\\Users\\25329\\Desktop\\nexus-flow\\node_modules\\.bin\\tsserver.cmd': 'C:\\Users\\25329\\Desktop\\nexus-flow\\node_modules\\.bin\\.tsserver.cmd-RO3fckat',
51 silly reify   'C:\\Users\\25329\\Desktop\\nexus-flow\\node_modules\\.bin\\tsserver.ps1': 'C:\\Users\\25329\\Desktop\\nexus-flow\\node_modules\\.bin\\.tsserver.ps1-OZt1WFXk'
51 silly reify }
52 silly audit bulk request {
52 silly audit   '@achrinza/node-ipc': [ '9.2.10' ],
52 silly audit   '@babel/code-frame': [ '7.29.7', '7.12.11' ],
52 silly audit   '@babel/compat-data': [ '7.29.7' ],
52 silly audit   '@babel/core': [ '7.29.7' ],
52 silly audit   semver: [ '6.3.1', '5.7.2', '7.8.1' ],
52 silly audit   '@babel/generator': [ '7.29.7' ],
52 silly audit   '@babel/helper-compilation-targets': [ '7.29.7' ],
52 silly audit   '@babel/helper-globals': [ '7.29.7' ],
52 silly audit   '@babel/helper-module-imports': [ '7.29.7' ],
52 silly audit   '@babel/helper-module-transforms': [ '7.29.7' ],
52 silly audit   '@babel/helper-plugin-utils': [ '7.29.7' ],
52 silly audit   '@babel/helper-string-parser': [ '7.29.7' ],
52 silly audit   '@babel/helper-validator-identifier': [ '7.29.7' ],
52 silly audit   '@babel/helper-validator-option': [ '7.29.7' ],
52 silly audit   '@babel/helpers': [ '7.29.7' ],
52 silly audit   '@babel/highlight': [ '7.25.9' ],
52 silly audit   'ansi-styles': [ '3.2.1', '4.3.0', '5.2.0' ],
52 silly audit   chalk: [ '2.4.2', '4.1.2', '3.0.0' ],
52 silly audit   'color-convert': [ '1.9.3', '2.0.1' ],
52 silly audit   'color-name': [ '1.1.3', '1.1.4' ],
52 silly audit   'escape-string-regexp': [ '1.0.5', '4.0.0', '2.0.0' ],
52 silly audit   'has-flag': [ '3.0.0', '4.0.0' ],
52 silly audit   'supports-color': [ '5.5.0', '8.1.1', '7.2.0' ],
52 silly audit   '@babel/parser': [ '7.29.7' ],
52 silly audit   '@babel/plugin-syntax-async-generators': [ '7.8.4' ],
52 silly audit   '@babel/plugin-syntax-bigint': [ '7.8.3' ],
52 silly audit   '@babel/plugin-syntax-class-properties': [ '7.12.13' ],
52 silly audit   '@babel/plugin-syntax-class-static-block': [ '7.14.5' ],
52 silly audit   '@babel/plugin-syntax-import-attributes': [ '7.29.7' ],
52 silly audit   '@babel/plugin-syntax-import-meta': [ '7.10.4' ],
52 silly audit   '@babel/plugin-syntax-json-strings': [ '7.8.3' ],
52 silly audit   '@babel/plugin-syntax-logical-assignment-operators': [ '7.10.4' ],
52 silly audit   '@babel/plugin-syntax-nullish-coalescing-operator': [ '7.8.3' ],
52 silly audit   '@babel/plugin-syntax-numeric-separator': [ '7.10.4' ],
52 silly audit   '@babel/plugin-syntax-object-rest-spread': [ '7.8.3' ],
52 silly audit   '@babel/plugin-syntax-optional-catch-binding': [ '7.8.3' ],
52 silly audit   '@babel/plugin-syntax-optional-chaining': [ '7.8.3' ],
52 silly audit   '@babel/plugin-syntax-private-property-in-object': [ '7.14.5' ],
52 silly audit   '@babel/plugin-syntax-top-level-await': [ '7.14.5' ],
52 silly audit   '@babel/plugin-syntax-typescript': [ '7.29.7' ],
52 silly audit   '@babel/template': [ '7.29.7' ],
52 silly audit   '@babel/traverse': [ '7.29.7' ],
52 silly audit   '@babel/types': [ '7.29.7' ],
52 silly audit   '@bcoe/v8-coverage': [ '0.2.3' ],
52 silly audit   '@ctrl/tinycolor': [ '4.2.0' ],
52 silly audit   '@discoveryjs/json-ext': [ '0.5.7' ],
52 silly audit   '@element-plus/icons-vue': [ '2.3.2' ],
52 silly audit   '@eslint-community/eslint-utils': [ '4.9.1' ],
52 silly audit   '@eslint-community/regexpp': [ '4.12.2' ],
52 silly audit   '@eslint/eslintrc': [ '0.4.3' ],
52 silly audit   ignore: [ '4.0.6', '5.3.2' ],
52 silly audit   '@floating-ui/core': [ '1.7.5' ],
52 silly audit   '@floating-ui/dom': [ '1.7.6' ],
52 silly audit   '@floating-ui/utils': [ '0.2.11' ],
52 silly audit   '@hapi/hoek': [ '9.3.0' ],
52 silly audit   '@hapi/topo': [ '5.1.0' ],
52 silly audit   '@humanwhocodes/config-array': [ '0.5.0' ],
52 silly audit   '@humanwhocodes/object-schema': [ '1.2.1' ],
52 silly audit   '@istanbuljs/load-nyc-config': [ '1.1.0' ],
52 silly audit   'resolve-from': [ '5.0.0', '4.0.0' ],
52 silly audit   '@istanbuljs/schema': [ '0.1.6' ],
52 silly audit   '@jest/console': [ '27.5.1' ],
52 silly audit   '@jest/core': [ '27.5.1' ],
52 silly audit   '@jest/environment': [ '27.5.1' ],
52 silly audit   '@jest/fake-timers': [ '27.5.1' ],
52 silly audit   '@jest/globals': [ '27.5.1' ],
52 silly audit   '@jest/reporters': [ '27.5.1' ],
52 silly audit   '@jest/source-map': [ '27.5.1' ],
52 silly audit   '@jest/test-result': [ '27.5.1' ],
52 silly audit   '@jest/test-sequencer': [ '27.5.1' ],
52 silly audit   '@jest/transform': [ '27.5.1' ],
52 silly audit   'convert-source-map': [ '1.9.0', '2.0.0' ],
52 silly audit   '@jest/types': [ '27.5.1' ],
52 silly audit   '@jridgewell/gen-mapping': [ '0.3.13' ],
52 silly audit   '@jridgewell/remapping': [ '2.3.5' ],
52 silly audit   '@jridgewell/resolve-uri': [ '3.1.2' ],
52 silly audit   '@jridgewell/source-map': [ '0.3.11' ],
52 silly audit   '@jridgewell/sourcemap-codec': [ '1.5.5' ],
52 silly audit   '@jridgewell/trace-mapping': [ '0.3.31' ],
52 silly audit   '@leichtgewicht/ip-codec': [ '2.0.5' ],
52 silly audit   '@node-ipc/js-queue': [ '2.0.3' ],
52 silly audit   '@nodelib/fs.scandir': [ '2.1.5' ],
52 silly audit   '@nodelib/fs.stat': [ '2.0.5' ],
52 silly audit   '@nodelib/fs.walk': [ '1.2.8' ],
52 silly audit   '@polka/url': [ '1.0.0-next.29' ],
52 silly audit   '@sxzz/popperjs-es': [ '2.11.8' ],
52 silly audit   '@sideway/address': [ '4.1.5' ],
52 silly audit   '@sideway/formula': [ '3.0.1' ],
52 silly audit   '@sideway/pinpoint': [ '2.0.0' ],
52 silly audit   '@sinonjs/commons': [ '1.8.6' ],
52 silly audit   '@sinonjs/fake-timers': [ '8.1.0' ],
52 silly audit   '@soda/friendly-errors-webpack-plugin': [ '1.8.1' ],
52 silly audit   '@soda/get-current-script': [ '1.0.2' ],
52 silly audit   '@tootallnate/once': [ '1.1.2' ],
52 silly audit   '@types/babel__core': [ '7.20.5' ],
52 silly audit   '@types/babel__generator': [ '7.27.0' ],
52 silly audit   '@types/babel__template': [ '7.4.4' ],
52 silly audit   '@types/babel__traverse': [ '7.28.0' ],
52 silly audit   '@types/body-parser': [ '1.19.6' ],
52 silly audit   '@types/bonjour': [ '3.5.13' ],
52 silly audit   '@types/connect': [ '3.4.38' ],
52 silly audit   '@types/connect-history-api-fallback': [ '1.5.4' ],
52 silly audit   '@types/eslint': [ '8.56.12' ],
52 silly audit   '@types/estree': [ '1.0.9' ],
52 silly audit   '@types/express': [ '4.17.25' ],
52 silly audit   '@types/express-serve-static-core': [ '5.1.1', '4.19.8' ],
52 silly audit   '@types/graceful-fs': [ '4.1.9' ],
52 silly audit   '@types/html-minifier-terser': [ '6.1.0' ],
52 silly audit   '@types/http-errors': [ '2.0.5' ],
52 silly audit   '@types/http-proxy': [ '1.17.17' ],
52 silly audit   '@types/istanbul-lib-coverage': [ '2.0.6' ],
52 silly audit   '@types/istanbul-lib-report': [ '3.0.3' ],
52 silly audit   '@types/istanbul-reports': [ '3.0.4' ],
52 silly audit   '@types/json-schema': [ '7.0.15' ],
52 silly audit   '@types/lodash': [ '4.17.24' ],
52 silly audit   '@types/lodash-es': [ '4.17.12' ],
52 silly audit   '@types/mime': [ '1.3.5' ],
52 silly audit   '@types/minimist': [ '1.2.5' ],
52 silly audit   '@types/mousetrap': [ '1.6.15' ],
52 silly audit   '@types/node': [ '25.9.1' ],
52 silly audit   '@types/node-forge': [ '1.3.14' ],
52 silly audit   '@types/normalize-package-data': [ '2.4.4' ],
52 silly audit   '@types/parse-json': [ '4.0.2' ],
52 silly audit   '@types/prettier': [ '2.7.3' ],
52 silly audit   '@types/qs': [ '6.15.1' ],
52 silly audit   '@types/range-parser': [ '1.2.7' ],
52 silly audit   '@types/retry': [ '0.12.0' ],
52 silly audit   '@types/semver': [ '7.7.1' ],
52 silly audit   '@types/send': [ '1.2.1', '0.17.6' ],
52 silly audit   '@types/serve-index': [ '1.9.4' ],
52 silly audit   '@types/serve-static': [ '1.15.10' ],
52 silly audit   '@types/sockjs': [ '0.3.36' ],
52 silly audit   '@types/stack-utils': [ '2.0.3' ],
52 silly audit   '@types/web-bluetooth': [ '0.0.21' ],
52 silly audit   '@types/webpack-env': [ '1.18.8' ],
52 silly audit   '@types/ws': [ '8.18.1' ],
52 silly audit   '@types/yargs': [ '16.0.11' ],
52 silly audit   '@types/yargs-parser': [ '21.0.3' ],
52 silly audit   '@typescript-eslint/eslint-plugin': [ '5.62.0' ],
52 silly audit   '@typescript-eslint/parser': [ '5.62.0' ],
52 silly audit   '@typescript-eslint/scope-manager': [ '5.62.0' ],
52 silly audit   '@typescript-eslint/type-utils': [ '5.62.0' ],
52 silly audit   '@typescript-eslint/types': [ '5.62.0' ],
52 silly audit   '@typescript-eslint/typescript-estree': [ '5.62.0' ],
52 silly audit   '@typescript-eslint/utils': [ '5.62.0' ],
52 silly audit   '@typescript-eslint/visitor-keys': [ '5.62.0' ],
52 silly audit   '@vue/cli-overlay': [ '5.0.9' ],
52 silly audit   '@vue/cli-plugin-eslint': [ '5.0.9' ],
52 silly audit   '@vue/cli-plugin-router': [ '5.0.9' ],
52 silly audit   '@vue/cli-plugin-typescript': [ '5.0.9' ],
52 silly audit   '@vue/cli-plugin-vuex': [ '5.0.9' ],
52 silly audit   '@vue/cli-service': [ '5.0.9' ],
52 silly audit   '@vue/cli-shared-utils': [ '5.0.9' ],
52 silly audit   'lru-cache': [ '6.0.0', '4.1.5', '5.1.1' ],
52 silly audit   yallist: [ '4.0.0', '2.1.2', '3.1.1' ],
52 silly audit   '@vue/compiler-core': [ '3.5.34' ],
52 silly audit   entities: [ '7.0.1', '2.2.0' ],
52 silly audit   '@vue/compiler-dom': [ '3.5.34' ],
52 silly audit   '@vue/compiler-sfc': [ '3.5.34' ],
52 silly audit   '@vue/compiler-ssr': [ '3.5.34' ],
52 silly audit   '@vue/component-compiler-utils': [ '3.3.0' ],
52 silly audit   'hash-sum': [ '1.0.2', '2.0.0' ],
52 silly audit   picocolors: [ '0.2.1', '1.1.1' ],
52 silly audit   postcss: [ '7.0.39', '8.5.15' ],
52 silly audit   '@vue/devtools-api': [ '6.6.4' ],
52 silly audit   '@vue/eslint-config-typescript': [ '11.0.3' ],
52 silly audit   '@vue/reactivity': [ '3.5.34' ],
52 silly audit   '@vue/runtime-core': [ '3.5.34' ],
52 silly audit   '@vue/runtime-dom': [ '3.5.34' ],
52 silly audit   '@vue/server-renderer': [ '3.5.34' ],
52 silly audit   '@vue/shared': [ '3.5.34' ],
52 silly audit   'vue-loader': [ '15.11.1', '17.4.2' ],
52 silly audit   '@vue/web-component-wrapper': [ '1.3.0' ],
52 silly audit   '@vueuse/core': [ '14.3.0' ],
52 silly audit   '@vueuse/metadata': [ '14.3.0' ],
52 silly audit   '@vueuse/shared': [ '14.3.0' ],
52 silly audit   '@webassemblyjs/ast': [ '1.14.1' ],
52 silly audit   '@webassemblyjs/floating-point-hex-parser': [ '1.13.2' ],
52 silly audit   '@webassemblyjs/helper-api-error': [ '1.13.2' ],
52 silly audit   '@webassemblyjs/helper-buffer': [ '1.14.1' ],
52 silly audit   '@webassemblyjs/helper-numbers': [ '1.13.2' ],
52 silly audit   '@webassemblyjs/helper-wasm-bytecode': [ '1.13.2' ],
52 silly audit   '@webassemblyjs/helper-wasm-section': [ '1.14.1' ],
52 silly audit   '@webassemblyjs/ieee754': [ '1.13.2' ],
52 silly audit   '@webassemblyjs/leb128': [ '1.13.2' ],
52 silly audit   '@webassemblyjs/utf8': [ '1.13.2' ],
52 silly audit   '@webassemblyjs/wasm-edit': [ '1.14.1' ],
52 silly audit   '@webassemblyjs/wasm-gen': [ '1.14.1' ],
52 silly audit   '@webassemblyjs/wasm-opt': [ '1.14.1' ],
52 silly audit   '@webassemblyjs/wasm-parser': [ '1.14.1' ],
52 silly audit   '@webassemblyjs/wast-printer': [ '1.14.1' ],
52 silly audit   '@xtuc/ieee754': [ '1.2.0' ],
52 silly audit   '@xtuc/long': [ '4.2.2' ],
52 silly audit   abab: [ '2.0.6' ],
52 silly audit   accepts: [ '2.0.0', '1.3.8' ],
52 silly audit   acorn: [ '8.16.0', '7.4.1' ],
52 silly audit   'acorn-globals': [ '6.0.0' ],
52 silly audit   'acorn-walk': [ '7.2.0', '8.3.5' ],
52 silly audit   'acorn-import-phases': [ '1.0.4' ],
52 silly audit   'acorn-jsx': [ '5.3.2' ],
52 silly audit   address: [ '1.2.2' ],
52 silly audit   'agent-base': [ '6.0.2' ],
52 silly audit   ajv: [ '6.15.0', '8.20.0' ],
52 silly audit   'ajv-formats': [ '2.1.1' ],
52 silly audit   'json-schema-traverse': [ '1.0.0', '0.4.1' ],
52 silly audit   'ajv-keywords': [ '3.5.2', '5.1.0' ],
52 silly audit   'ansi-colors': [ '4.1.3' ],
52 silly audit   'ansi-escapes': [ '4.3.2', '3.2.0' ],
52 silly audit   'type-fest': [ '0.21.3', '0.8.1', '0.6.0', '0.20.2' ],
52 silly audit   'ansi-html-community': [ '0.0.8' ],
52 silly audit   'ansi-regex': [ '5.0.1', '3.0.1' ],
52 silly audit   'any-promise': [ '1.3.0' ],
52 silly audit   anymatch: [ '3.1.3' ],
52 silly audit   arch: [ '2.2.0' ],
52 silly audit   argparse: [ '1.0.10' ],
52 silly audit   'array-flatten': [ '1.1.1' ],
52 silly audit   'array-union': [ '2.1.0' ],
52 silly audit   'astral-regex': [ '2.0.0' ],
52 silly audit   async: [ '3.2.6' ],
52 silly audit   'async-validator': [ '4.2.5' ],
52 silly audit   asynckit: [ '0.4.0' ],
52 silly audit   'at-least-node': [ '1.0.0' ],
52 silly audit   autoprefixer: [ '10.5.0' ],
52 silly audit   'babel-jest': [ '27.5.1' ],
52 silly audit   'babel-loader': [ '8.4.1' ],
52 silly audit   'loader-utils': [ '2.0.4', '1.4.2' ],
52 silly audit   'babel-plugin-istanbul': [ '6.1.1' ],
52 silly audit   'babel-plugin-jest-hoist': [ '27.5.1' ],
52 silly audit   'babel-preset-current-node-syntax': [ '1.2.0' ],
52 silly audit   'babel-preset-jest': [ '27.5.1' ],
52 silly audit   'balanced-match': [ '1.0.2' ],
52 silly audit   'base64-js': [ '1.5.1' ],
52 silly audit   'baseline-browser-mapping': [ '2.10.32' ],
52 silly audit   batch: [ '0.6.1' ],
52 silly audit   'big.js': [ '5.2.2' ],
52 silly audit   'binary-extensions': [ '2.3.0' ],
52 silly audit   bl: [ '4.1.0' ],
52 silly audit   bluebird: [ '3.7.2' ],
52 silly audit   'body-parser': [ '2.2.2', '1.20.5' ],
52 silly audit   'bonjour-service': [ '1.4.0' ],
52 silly audit   boolbase: [ '1.0.0' ],
52 silly audit   'brace-expansion': [ '1.1.15' ],
52 silly audit   braces: [ '3.0.3' ],
52 silly audit   'browser-process-hrtime': [ '1.0.0' ],
52 silly audit   browserslist: [ '4.28.2' ],
52 silly audit   bser: [ '2.1.1' ],
52 silly audit   buffer: [ '5.7.1' ],
52 silly audit   'buffer-from': [ '1.1.2' ],
52 silly audit   bytes: [ '3.1.2' ],
52 silly audit   'call-bind-apply-helpers': [ '1.0.2' ],
52 silly audit   'call-bound': [ '1.0.4' ],
52 silly audit   callsites: [ '3.1.0' ],
52 silly audit   'camel-case': [ '4.1.2' ],
52 silly audit   camelcase: [ '5.3.1', '6.3.0' ],
52 silly audit   'caniuse-api': [ '3.0.0' ],
52 silly audit   'caniuse-lite': [ '1.0.30001793' ],
52 silly audit   'case-sensitive-paths-webpack-plugin': [ '2.4.0' ],
52 silly audit   'char-regex': [ '1.0.2' ],
52 silly audit   chokidar: [ '3.6.0' ],
52 silly audit   'glob-parent': [ '5.1.2', '6.0.2' ],
52 silly audit   'chrome-trace-event': [ '1.0.4' ],
52 silly audit   'ci-info': [ '3.9.0', '1.6.0' ],
52 silly audit   'cjs-module-lexer': [ '1.4.3' ],
52 silly audit   'clean-css': [ '5.3.3' ],
52 silly audit   'cli-cursor': [ '3.1.0', '2.1.0' ],
52 silly audit   'cli-highlight': [ '2.1.11' ],
52 silly audit   'cli-spinners': [ '2.9.2' ],
52 silly audit   clipboardy: [ '2.3.0' ],
52 silly audit   cliui: [ '7.0.4' ],
52 silly audit   clone: [ '1.0.4' ],
52 silly audit   'clone-deep': [ '4.0.1' ],
52 silly audit   co: [ '4.6.0' ],
52 silly audit   'collect-v8-coverage': [ '1.0.3' ],
52 silly audit   colord: [ '2.9.3' ],
52 silly audit   colorette: [ '2.0.20' ],
52 silly audit   'combined-stream': [ '1.0.8' ],
52 silly audit   commander: [ '8.3.0', '7.2.0', '2.20.3' ],
52 silly audit   commondir: [ '1.0.1' ],
52 silly audit   compressible: [ '2.0.18' ],
52 silly audit   compression: [ '1.8.1' ],
52 silly audit   debug: [ '2.6.9', '4.4.3' ],
52 silly audit   ms: [ '2.0.0', '2.1.3' ],
52 silly audit   negotiator: [ '0.6.4', '1.0.0', '0.6.3' ],
52 silly audit   'concat-map': [ '0.0.1' ],
52 silly audit   'connect-history-api-fallback': [ '2.0.0' ],
52 silly audit   consolidate: [ '0.15.1' ],
52 silly audit   'content-disposition': [ '1.1.0', '0.5.4' ],
52 silly audit   'content-type': [ '1.0.5', '2.0.0' ],
52 silly audit   cookie: [ '0.7.2' ],
52 silly audit   'cookie-signature': [ '1.2.2', '1.0.7' ],
52 silly audit   'copy-webpack-plugin': [ '9.1.0' ],
52 silly audit   'schema-utils': [ '3.3.0', '4.3.3', '2.7.0', '2.7.1' ],
52 silly audit   'core-util-is': [ '1.0.3' ],
52 silly audit   cosmiconfig: [ '6.0.0', '7.1.0' ],
52 silly audit   'cross-spawn': [ '7.0.6', '6.0.6', '5.1.0' ],
52 silly audit   'css-declaration-sorter': [ '6.4.1' ],
52 silly audit   'css-loader': [ '6.11.0' ],
52 silly audit   'css-minimizer-webpack-plugin': [ '3.4.1' ],
52 silly audit   'css-select': [ '4.3.0' ],
52 silly audit   'css-tree': [ '1.1.3' ],
52 silly audit   'css-what': [ '6.2.2' ],
52 silly audit   cssesc: [ '3.0.0' ],
52 silly audit   cssnano: [ '5.1.15' ],
52 silly audit   'cssnano-preset-default': [ '5.2.14' ],
52 silly audit   'cssnano-utils': [ '3.1.0' ],
52 silly audit   csso: [ '4.2.0' ],
52 silly audit   cssom: [ '0.4.4', '0.3.8' ],
52 silly audit   cssstyle: [ '2.3.0' ],
52 silly audit   csstype: [ '3.2.3' ],
52 silly audit   'data-urls': [ '2.0.0' ],
52 silly audit   dayjs: [ '1.11.21' ],
52 silly audit   debounce: [ '1.2.1' ],
52 silly audit   'decimal.js': [ '10.6.0' ],
52 silly audit   dedent: [ '0.7.0' ],
52 silly audit   'deep-is': [ '0.1.4' ],
52 silly audit   deepmerge: [ '4.3.1', '1.5.2' ],
52 silly audit   'default-gateway': [ '6.0.3' ],
52 silly audit   execa: [ '5.1.1', '1.0.0', '0.8.0' ],
52 silly audit   'get-stream': [ '6.0.1', '4.1.0', '3.0.0' ],
52 silly audit   'is-stream': [ '2.0.1', '1.1.0' ],
52 silly audit   'npm-run-path': [ '4.0.1', '2.0.2' ],
52 silly audit   defaults: [ '1.0.4' ],
52 silly audit   'define-lazy-prop': [ '2.0.0' ],
52 silly audit   'delayed-stream': [ '1.0.0' ],
52 silly audit   depd: [ '2.0.0', '1.1.2' ],
52 silly audit   destroy: [ '1.2.0' ],
52 silly audit   'detect-newline': [ '3.1.0' ],
52 silly audit   'detect-node': [ '2.1.0' ],
52 silly audit   'diff-sequences': [ '27.5.1' ],
52 silly audit   'dir-glob': [ '3.0.1' ],
52 silly audit   'dns-packet': [ '5.6.1' ],
52 silly audit   doctrine: [ '3.0.0' ],
52 silly audit   'dom-converter': [ '0.2.0' ],
52 silly audit   'dom-serializer': [ '1.4.1' ],
52 silly audit   domelementtype: [ '2.3.0' ],
52 silly audit   domexception: [ '2.0.1' ],
52 silly audit   'webidl-conversions': [ '5.0.0', '3.0.1', '6.1.0' ],
52 silly audit   domhandler: [ '4.3.1' ],
52 silly audit   domutils: [ '2.8.0' ],
52 silly audit   'dot-case': [ '3.0.4' ],
52 silly audit   dotenv: [ '10.0.0' ],
52 silly audit   'dotenv-expand': [ '5.1.0' ],
52 silly audit   'dunder-proto': [ '1.0.1' ],
52 silly audit   duplexer: [ '0.1.2' ],
52 silly audit   'easy-stack': [ '1.0.1' ],
52 silly audit   'ee-first': [ '1.1.1' ],
52 silly audit   'electron-to-chromium': [ '1.5.361' ],
52 silly audit   'element-plus': [ '2.14.0' ],
52 silly audit   emittery: [ '0.8.1' ],
52 silly audit   'emoji-regex': [ '8.0.0' ],
52 silly audit   'emojis-list': [ '3.0.0' ],
52 silly audit   encodeurl: [ '2.0.0' ],
52 silly audit   'end-of-stream': [ '1.4.5' ],
52 silly audit   'enhanced-resolve': [ '5.22.0' ],
52 silly audit   tapable: [ '2.3.3', '1.1.3' ],
52 silly audit   enquirer: [ '2.4.1' ],
52 silly audit   'error-ex': [ '1.3.4' ],
52 silly audit   'error-stack-parser': [ '2.1.4' ],
52 silly audit   'es-define-property': [ '1.0.1' ],
52 silly audit   'es-errors': [ '1.3.0' ],
52 silly audit   'es-module-lexer': [ '2.1.0' ],
52 silly audit   'es-object-atoms': [ '1.1.2' ],
52 silly audit   'es-set-tostringtag': [ '2.1.0' ],
52 silly audit   escalade: [ '3.2.0' ],
52 silly audit   'escape-html': [ '1.0.3' ],
52 silly audit   escodegen: [ '2.1.0' ],
52 silly audit   estraverse: [ '5.3.0', '4.3.0' ],
52 silly audit   eslint: [ '7.32.0' ],
52 silly audit   'eslint-plugin-vue': [ '9.33.0' ],
52 silly audit   'eslint-scope': [ '5.1.1', '7.2.2' ],
52 silly audit   'eslint-utils': [ '2.1.0' ],
52 silly audit   'eslint-visitor-keys': [ '1.3.0', '3.4.3', '2.1.0' ],
52 silly audit   'eslint-webpack-plugin': [ '3.2.0' ],
52 silly audit   'jest-worker': [ '28.1.3', '27.5.1' ],
52 silly audit   espree: [ '7.3.1', '9.6.1' ],
52 silly audit   esprima: [ '4.0.1' ],
52 silly audit   esquery: [ '1.7.0' ],
52 silly audit   esrecurse: [ '4.3.0' ],
52 silly audit   'estree-walker': [ '2.0.2' ],
52 silly audit   esutils: [ '2.0.3' ],
52 silly audit   etag: [ '1.8.1' ],
52 silly audit   'event-pubsub': [ '4.3.0' ],
52 silly audit   eventemitter3: [ '4.0.7' ],
52 silly audit   events: [ '3.3.0' ],
52 silly audit   'path-key': [ '2.0.1', '3.1.1' ],
52 silly audit   'shebang-command': [ '1.2.0', '2.0.0' ],
52 silly audit   'shebang-regex': [ '1.0.0', '3.0.0' ],
52 silly audit   which: [ '1.3.1', '2.0.2' ],
52 silly audit   exit: [ '0.1.2' ],
52 silly audit   expect: [ '27.5.1' ],
52 silly audit   express: [ '5.2.1', '4.22.2' ],
52 silly audit   'fast-deep-equal': [ '3.1.3' ],
52 silly audit   'fast-glob': [ '3.3.3' ],
52 silly audit   'fast-json-stable-stringify': [ '2.1.0' ],
52 silly audit   'fast-levenshtein': [ '2.0.6' ],
52 silly audit   'fast-uri': [ '3.1.2' ],
52 silly audit   fastq: [ '1.20.1' ],
52 silly audit   'faye-websocket': [ '0.11.4' ],
52 silly audit   'fb-watchman': [ '2.0.2' ],
52 silly audit   figures: [ '2.0.0' ],
52 silly audit   'file-entry-cache': [ '6.0.1' ],
52 silly audit   'fill-range': [ '7.1.1' ],
52 silly audit   finalhandler: [ '2.1.1', '1.3.2' ],
52 silly audit   'find-cache-dir': [ '3.3.2' ],
52 silly audit   'find-up': [ '4.1.0' ],
52 silly audit   flat: [ '5.0.2' ],
52 silly audit   'flat-cache': [ '3.2.0' ],
52 silly audit   flatted: [ '3.4.2' ],
52 silly audit   'follow-redirects': [ '1.16.0' ],
52 silly audit   'fork-ts-checker-webpack-plugin': [ '6.5.3' ],
52 silly audit   'form-data': [ '4.0.5', '3.0.4' ],
52 silly audit   'mime-db': [ '1.52.0', '1.54.0' ],
52 silly audit   'mime-types': [ '2.1.35', '3.0.2' ],
52 silly audit   forwarded: [ '0.2.0' ],
52 silly audit   'fraction.js': [ '5.3.4' ],
52 silly audit   fresh: [ '2.0.0', '0.5.2' ],
52 silly audit   'fs-extra': [ '9.1.0' ],
52 silly audit   'fs-monkey': [ '1.1.0' ],
52 silly audit   'fs.realpath': [ '1.0.0' ],
52 silly audit   fsevents: [ '2.3.3' ],
52 silly audit   'function-bind': [ '1.1.2' ],
52 silly audit   'functional-red-black-tree': [ '1.0.1' ],
52 silly audit   gensync: [ '1.0.0-beta.2' ],
52 silly audit   'get-caller-file': [ '2.0.5' ],
52 silly audit   'get-intrinsic': [ '1.3.0' ],
52 silly audit   'get-package-type': [ '0.1.0' ],
52 silly audit   'get-proto': [ '1.0.1' ],
52 silly audit   glob: [ '7.2.3' ],
52 silly audit   'glob-to-regexp': [ '0.4.1' ],
52 silly audit   globals: [ '13.24.0' ],
52 silly audit   globby: [ '11.1.0' ],
52 silly audit   gopd: [ '1.2.0' ],
52 silly audit   'graceful-fs': [ '4.2.11' ],
52 silly audit   graphemer: [ '1.4.0' ],
52 silly audit   'gzip-size': [ '6.0.0' ],
52 silly audit   'handle-thing': [ '2.0.1' ],
52 silly audit   'has-symbols': [ '1.1.0' ],
52 silly audit   'has-tostringtag': [ '1.0.2' ],
52 silly audit   hasown: [ '2.0.3' ],
52 silly audit   he: [ '1.2.0' ],
52 silly audit   'highlight.js': [ '10.7.3' ],
52 silly audit   'hosted-git-info': [ '2.8.9' ],
52 silly audit   'hpack.js': [ '2.1.6' ],
52 silly audit   'readable-stream': [ '2.3.8', '3.6.2' ],
52 silly audit   'safe-buffer': [ '5.1.2', '5.2.1' ],
52 silly audit   string_decoder: [ '1.1.1', '1.3.0' ],
52 silly audit   'html-encoding-sniffer': [ '2.0.1' ],
52 silly audit   'html-entities': [ '2.6.0' ],
52 silly audit   'html-escaper': [ '2.0.2' ],
52 silly audit   'html-minifier-terser': [ '6.1.0' ],
52 silly audit   'html-webpack-plugin': [ '5.6.7' ],
52 silly audit   htmlparser2: [ '6.1.0' ],
52 silly audit   'http-deceiver': [ '1.2.7' ],
52 silly audit   'http-errors': [ '2.0.1', '1.8.1' ],
52 silly audit   'http-parser-js': [ '0.5.10' ],
52 silly audit   'http-proxy': [ '1.18.1' ],
52 silly audit   'http-proxy-agent': [ '4.0.1' ],
52 silly audit   'http-proxy-middleware': [ '2.0.9' ],
52 silly audit   'https-proxy-agent': [ '5.0.1' ],
52 silly audit   'human-signals': [ '2.1.0' ],
52 silly audit   'iconv-lite': [ '0.7.2', '0.4.24' ],
52 silly audit   'icss-utils': [ '5.1.0' ],
52 silly audit   ieee754: [ '1.2.1' ],
52 silly audit   'import-fresh': [ '3.3.1' ],
52 silly audit   'import-local': [ '3.2.0' ],
52 silly audit   imurmurhash: [ '0.1.4' ],
52 silly audit   inflight: [ '1.0.6' ],
52 silly audit   inherits: [ '2.0.4' ],
52 silly audit   'ipaddr.js': [ '1.9.1', '2.4.0' ],
52 silly audit   'is-arrayish': [ '0.2.1' ],
52 silly audit   'is-binary-path': [ '2.1.0' ],
52 silly audit   'is-ci': [ '1.2.1' ],
52 silly audit   'is-core-module': [ '2.16.2' ],
52 silly audit   'is-docker': [ '2.2.1' ],
52 silly audit   'is-extglob': [ '2.1.1' ],
52 silly audit   'is-file-esm': [ '1.0.0' ],
52 silly audit   'is-fullwidth-code-point': [ '3.0.0', '2.0.0' ],
52 silly audit   'is-generator-fn': [ '2.1.0' ],
52 silly audit   'is-glob': [ '4.0.3' ],
52 silly audit   'is-interactive': [ '1.0.0' ],
52 silly audit   'is-number': [ '7.0.0' ],
52 silly audit   'is-plain-obj': [ '3.0.0' ],
52 silly audit   'is-plain-object': [ '2.0.4' ],
52 silly audit   'is-potential-custom-element-name': [ '1.0.1' ],
52 silly audit   'is-promise': [ '4.0.0' ],
52 silly audit   'is-typedarray': [ '1.0.0' ],
52 silly audit   'is-unicode-supported': [ '0.1.0' ],
52 silly audit   'is-wsl': [ '2.2.0' ],
52 silly audit   isarray: [ '1.0.0' ],
52 silly audit   isexe: [ '2.0.0' ],
52 silly audit   isobject: [ '3.0.1' ],
52 silly audit   'istanbul-lib-coverage': [ '3.2.2' ],
52 silly audit   'istanbul-lib-instrument': [ '5.2.1' ],
52 silly audit   'istanbul-lib-report': [ '3.0.1' ],
52 silly audit   'make-dir': [ '4.0.0', '3.1.0' ],
52 silly audit   'istanbul-lib-source-maps': [ '4.0.1' ],
52 silly audit   'istanbul-reports': [ '3.2.0' ],
52 silly audit   'javascript-stringify': [ '2.1.0' ],
52 silly audit   jest: [ '27.5.1' ],
52 silly audit   'jest-changed-files': [ '27.5.1' ],
52 silly audit   'jest-circus': [ '27.5.1' ],
52 silly audit   'jest-cli': [ '27.5.1' ],
52 silly audit   'jest-config': [ '27.5.1' ],
52 silly audit   'jest-diff': [ '27.5.1' ],
52 silly audit   'jest-docblock': [ '27.5.1' ],
52 silly audit   'jest-each': [ '27.5.1' ],
52 silly audit   'jest-environment-jsdom': [ '27.5.1' ],
52 silly audit   'jest-environment-node': [ '27.5.1' ],
52 silly audit   'jest-get-type': [ '27.5.1' ],
52 silly audit   'jest-haste-map': [ '27.5.1' ],
52 silly audit   'jest-jasmine2': [ '27.5.1' ],
52 silly audit   'jest-leak-detector': [ '27.5.1' ],
52 silly audit   'jest-matcher-utils': [ '27.5.1' ],
52 silly audit   'jest-message-util': [ '27.5.1' ],
52 silly audit   'jest-mock': [ '27.5.1' ],
52 silly audit   'jest-pnp-resolver': [ '1.2.3' ],
52 silly audit   'jest-regex-util': [ '27.5.1' ],
52 silly audit   'jest-resolve': [ '27.5.1' ],
52 silly audit   'jest-resolve-dependencies': [ '27.5.1' ],
52 silly audit   'jest-runner': [ '27.5.1' ],
52 silly audit   'jest-runtime': [ '27.5.1' ],
52 silly audit   'jest-serializer': [ '27.5.1' ],
52 silly audit   'jest-snapshot': [ '27.5.1' ],
52 silly audit   'jest-util': [ '27.5.1' ],
52 silly audit   'jest-validate': [ '27.5.1' ],
52 silly audit   'jest-watcher': [ '27.5.1' ],
52 silly audit   joi: [ '17.13.3' ],
52 silly audit   'js-message': [ '1.0.7' ],
52 silly audit   'js-tokens': [ '4.0.0' ],
52 silly audit   'js-yaml': [ '3.14.2' ],
52 silly audit   jsdom: [ '16.7.0' ],
52 silly audit   parse5: [ '6.0.1', '5.1.1' ],
52 silly audit   'xml-name-validator': [ '3.0.0', '4.0.0' ],
52 silly audit   jsesc: [ '3.1.0' ],
52 silly audit   'json-buffer': [ '3.0.1' ],
52 silly audit   'json-parse-better-errors': [ '1.0.2' ],
52 silly audit   'json-parse-even-better-errors': [ '2.3.1' ],
52 silly audit   'json-stable-stringify-without-jsonify': [ '1.0.1' ],
52 silly audit   json5: [ '2.2.3', '1.0.2' ],
52 silly audit   jsonfile: [ '6.2.1' ],
52 silly audit   keyv: [ '4.5.4' ],
52 silly audit   'kind-of': [ '6.0.3' ],
52 silly audit   kleur: [ '3.0.3' ],
52 silly audit   klona: [ '2.0.6' ],
52 silly audit   'launch-editor': [ '2.13.2' ],
52 silly audit   'launch-editor-middleware': [ '2.13.2' ],
52 silly audit   leven: [ '3.1.0' ],
52 silly audit   levn: [ '0.4.1' ],
52 silly audit   lilconfig: [ '2.1.0' ],
52 silly audit   'lines-and-columns': [ '1.2.4' ],
52 silly audit   'loader-runner': [ '4.3.2' ],
52 silly audit   'locate-path': [ '5.0.0' ],
52 silly audit   lodash: [ '4.18.1' ],
52 silly audit   'lodash-es': [ '4.18.1' ],
52 silly audit   'lodash-unified': [ '1.0.3' ],
52 silly audit   'lodash.defaultsdeep': [ '4.6.1' ],
52 silly audit   'lodash.mapvalues': [ '4.6.0' ],
52 silly audit   'lodash.memoize': [ '4.1.2' ],
52 silly audit   'lodash.merge': [ '4.6.2' ],
52 silly audit   'lodash.truncate': [ '4.4.2' ],
52 silly audit   'lodash.uniq': [ '4.5.0' ],
52 silly audit   'log-symbols': [ '4.1.0' ],
52 silly audit   'log-update': [ '2.3.0' ],
52 silly audit   'mimic-fn': [ '1.2.0', '2.1.0' ],
52 silly audit   onetime: [ '2.0.1', '5.1.2' ],
52 silly audit   'restore-cursor': [ '2.0.0', '3.1.0' ],
52 silly audit   'string-width': [ '2.1.1', '4.2.3' ],
52 silly audit   'strip-ansi': [ '4.0.0', '6.0.1' ],
52 silly audit   'wrap-ansi': [ '3.0.1', '7.0.0' ],
52 silly audit   'lower-case': [ '2.0.2' ],
52 silly audit   'magic-string': [ '0.30.21' ],
52 silly audit   makeerror: [ '1.0.12' ],
52 silly audit   'math-intrinsics': [ '1.1.0' ],
52 silly audit   'mdn-data': [ '2.0.14' ],
52 silly audit   'media-typer': [ '1.1.0', '0.3.0' ],
52 silly audit   memfs: [ '3.5.3' ],
52 silly audit   'memoize-one': [ '6.0.0' ],
52 silly audit   'merge-descriptors': [ '2.0.0', '1.0.3' ],
52 silly audit   'merge-source-map': [ '1.1.0' ],
52 silly audit   'merge-stream': [ '2.0.0' ],
52 silly audit   merge2: [ '1.4.1' ],
52 silly audit   methods: [ '1.1.2' ],
52 silly audit   micromatch: [ '4.0.8' ],
52 silly audit   mime: [ '1.6.0' ],
52 silly audit   'mini-css-extract-plugin': [ '2.10.2' ],
52 silly audit   'minimalistic-assert': [ '1.0.1' ],
52 silly audit   minimatch: [ '3.1.5' ],
52 silly audit   minimist: [ '1.2.8' ],
52 silly audit   minipass: [ '3.3.6' ],
52 silly audit   'module-alias': [ '2.3.4' ],
52 silly audit   mousetrap: [ '1.6.5' ],
52 silly audit   mrmime: [ '2.0.1' ],
52 silly audit   'multicast-dns': [ '7.2.5' ],
52 silly audit   mz: [ '2.7.0' ],
52 silly audit   nanoid: [ '3.3.12' ],
52 silly audit   'natural-compare': [ '1.4.0' ],
52 silly audit   'natural-compare-lite': [ '1.4.0' ],
52 silly audit   'neo-async': [ '2.6.2' ],
52 silly audit   'nice-try': [ '1.0.5' ],
52 silly audit   'no-case': [ '3.0.4' ],
52 silly audit   'node-fetch': [ '2.7.0' ],
52 silly audit   tr46: [ '0.0.3', '2.1.0' ],
52 silly audit   'whatwg-url': [ '5.0.0', '8.7.0' ],
52 silly audit   'node-forge': [ '1.4.0' ],
52 silly audit   'node-int64': [ '0.4.0' ],
52 silly audit   'node-releases': [ '2.0.46' ],
52 silly audit   'normalize-package-data': [ '2.5.0' ],
52 silly audit   'normalize-path': [ '3.0.0', '1.0.0' ],
52 silly audit   'normalize-url': [ '6.1.0' ],
52 silly audit   'normalize-wheel-es': [ '1.2.0' ],
52 silly audit   'nth-check': [ '2.1.1' ],
52 silly audit   nwsapi: [ '2.2.23' ],
52 silly audit   'object-assign': [ '4.1.1' ],
52 silly audit   'object-inspect': [ '1.13.4' ],
52 silly audit   obuf: [ '1.1.2' ],
52 silly audit   'on-finished': [ '2.4.1' ],
52 silly audit   'on-headers': [ '1.1.0' ],
52 silly audit   once: [ '1.4.0' ],
52 silly audit   open: [ '8.4.2' ],
52 silly audit   opener: [ '1.5.2' ],
52 silly audit   optionator: [ '0.9.4' ],
52 silly audit   ora: [ '5.4.1' ],
52 silly audit   'p-finally': [ '1.0.0' ],
52 silly audit   'p-limit': [ '2.3.0' ],
52 silly audit   'p-locate': [ '4.1.0' ],
52 silly audit   'p-retry': [ '4.6.2' ],
52 silly audit   'p-try': [ '2.2.0' ],
52 silly audit   'param-case': [ '3.0.4' ],
52 silly audit   'parent-module': [ '1.0.1' ],
52 silly audit   'parse-json': [ '5.2.0' ],
52 silly audit   'parse5-htmlparser2-tree-adapter': [ '6.0.1' ],
52 silly audit   parseurl: [ '1.3.3' ],
52 silly audit   'pascal-case': [ '3.1.2' ],
52 silly audit   'path-exists': [ '4.0.0' ],
52 silly audit   'path-is-absolute': [ '1.0.1' ],
52 silly audit   'path-parse': [ '1.0.7' ],
52 silly audit   'path-to-regexp': [ '8.4.2', '0.1.13' ],
52 silly audit   'path-type': [ '4.0.0' ],
52 silly audit   picomatch: [ '2.3.2' ],
52 silly audit   pinia: [ '2.3.1' ],
52 silly audit   pirates: [ '4.0.7' ],
52 silly audit   'pkg-dir': [ '4.2.0' ],
52 silly audit   portfinder: [ '1.0.38' ],
52 silly audit   'postcss-calc': [ '8.2.4' ],
52 silly audit   'postcss-colormin': [ '5.3.1' ],
52 silly audit   'postcss-convert-values': [ '5.1.3' ],
52 silly audit   'postcss-discard-comments': [ '5.1.2' ],
52 silly audit   'postcss-discard-duplicates': [ '5.1.0' ],
52 silly audit   'postcss-discard-empty': [ '5.1.1' ],
52 silly audit   'postcss-discard-overridden': [ '5.1.0' ],
52 silly audit   'postcss-loader': [ '6.2.1' ],
52 silly audit   'postcss-merge-longhand': [ '5.1.7' ],
52 silly audit   'postcss-merge-rules': [ '5.1.4' ],
52 silly audit   'postcss-minify-font-values': [ '5.1.0' ],
52 silly audit   'postcss-minify-gradients': [ '5.1.1' ],
52 silly audit   'postcss-minify-params': [ '5.1.4' ],
52 silly audit   'postcss-minify-selectors': [ '5.2.1' ],
52 silly audit   'postcss-modules-extract-imports': [ '3.1.0' ],
52 silly audit   'postcss-modules-local-by-default': [ '4.2.0' ],
52 silly audit   'postcss-selector-parser': [ '7.1.1', '6.1.2' ],
52 silly audit   'postcss-modules-scope': [ '3.2.1' ],
52 silly audit   'postcss-modules-values': [ '4.0.0' ],
52 silly audit   'postcss-normalize-charset': [ '5.1.0' ],
52 silly audit   'postcss-normalize-display-values': [ '5.1.0' ],
52 silly audit   'postcss-normalize-positions': [ '5.1.1' ],
52 silly audit   'postcss-normalize-repeat-style': [ '5.1.1' ],
52 silly audit   'postcss-normalize-string': [ '5.1.0' ],
52 silly audit   'postcss-normalize-timing-functions': [ '5.1.0' ],
52 silly audit   'postcss-normalize-unicode': [ '5.1.1' ],
52 silly audit   'postcss-normalize-url': [ '5.1.0' ],
52 silly audit   'postcss-normalize-whitespace': [ '5.1.1' ],
52 silly audit   'postcss-ordered-values': [ '5.1.3' ],
52 silly audit   'postcss-reduce-initial': [ '5.1.2' ],
52 silly audit   'postcss-reduce-transforms': [ '5.1.0' ],
52 silly audit   'postcss-svgo': [ '5.1.0' ],
52 silly audit   'postcss-unique-selectors': [ '5.1.1' ],
52 silly audit   'postcss-value-parser': [ '4.2.0' ],
52 silly audit   preact: [ '10.29.2' ],
52 silly audit   'prelude-ls': [ '1.2.1' ],
52 silly audit   prettier: [ '2.8.8' ],
52 silly audit   'pretty-error': [ '4.0.0' ],
52 silly audit   'pretty-format': [ '27.5.1' ],
52 silly audit   'process-nextick-args': [ '2.0.1' ],
52 silly audit   progress: [ '2.0.3' ],
52 silly audit   'progress-webpack-plugin': [ '1.0.16' ],
52 silly audit   prompts: [ '2.4.2' ],
52 silly audit   'proxy-addr': [ '2.0.7' ],
52 silly audit   pseudomap: [ '1.0.2' ],
52 silly audit   psl: [ '1.15.0' ],
52 silly audit   pump: [ '3.0.4' ],
52 silly audit   punycode: [ '2.3.1' ],
52 silly audit   qs: [ '6.15.2' ],
52 silly audit   querystringify: [ '2.2.0' ],
52 silly audit   'queue-microtask': [ '1.2.3' ],
52 silly audit   randombytes: [ '2.1.0' ],
52 silly audit   'range-parser': [ '1.2.1' ],
52 silly audit   'raw-body': [ '3.0.2', '2.5.3' ],
52 silly audit   'react-is': [ '17.0.2' ],
52 silly audit   'read-pkg': [ '5.2.0' ],
52 silly audit   'read-pkg-up': [ '7.0.1' ],
52 silly audit   readdirp: [ '3.6.0' ],
52 silly audit   regexpp: [ '3.2.0' ],
52 silly audit   relateurl: [ '0.2.7' ],
52 silly audit   renderkid: [ '3.0.0' ],
52 silly audit   'require-directory': [ '2.1.1' ],
52 silly audit   'require-from-string': [ '2.0.2' ],
52 silly audit   'requires-port': [ '1.0.0' ],
52 silly audit   resolve: [ '1.22.12' ],
52 silly audit   'resolve-cwd': [ '3.0.0' ],
52 silly audit   'resolve.exports': [ '1.1.1' ],
52 silly audit   retry: [ '0.13.1' ],
52 silly audit   reusify: [ '1.1.0' ],
52 silly audit   rimraf: [ '3.0.2' ],
52 silly audit   router: [ '2.2.0' ],
52 silly audit   'run-parallel': [ '1.2.0' ],
52 silly audit   'safer-buffer': [ '2.1.2' ],
52 silly audit   sax: [ '1.6.0' ],
52 silly audit   saxes: [ '5.0.1' ],
52 silly audit   'select-hose': [ '2.0.0' ],
52 silly audit   selfsigned: [ '2.4.1' ],
52 silly audit   send: [ '1.2.1', '0.19.2' ],
52 silly audit   'serialize-javascript': [ '6.0.2' ],
52 silly audit   'serve-index': [ '1.9.2' ],
52 silly audit   statuses: [ '1.5.0', '2.0.2' ],
52 silly audit   'serve-static': [ '2.2.1', '1.16.3' ],
52 silly audit   setprototypeof: [ '1.2.0' ],
52 silly audit   'shallow-clone': [ '3.0.1' ],
52 silly audit   'shell-quote': [ '1.8.4' ],
52 silly audit   'side-channel': [ '1.1.0' ],
52 silly audit   'side-channel-list': [ '1.0.1' ],
52 silly audit   'side-channel-map': [ '1.0.1' ],
52 silly audit   'side-channel-weakmap': [ '1.0.2' ],
52 silly audit   'signal-exit': [ '3.0.7' ],
52 silly audit   sirv: [ '2.0.4' ],
52 silly audit   sisteransi: [ '1.0.5' ],
52 silly audit   slash: [ '3.0.0' ],
52 silly audit   'slice-ansi': [ '4.0.0' ],
52 silly audit   sockjs: [ '0.3.24' ],
52 silly audit   'source-map': [ '0.6.1', '0.7.6' ],
52 silly audit   'source-map-js': [ '1.2.1' ],
52 silly audit   'source-map-support': [ '0.5.21' ],
52 silly audit   'spdx-correct': [ '3.2.0' ],
52 silly audit   'spdx-exceptions': [ '2.5.0' ],
52 silly audit   'spdx-expression-parse': [ '3.0.1' ],
52 silly audit   'spdx-license-ids': [ '3.0.23' ],
52 silly audit   spdy: [ '4.0.2' ],
52 silly audit   'spdy-transport': [ '3.0.0' ],
52 silly audit   'sprintf-js': [ '1.0.3' ],
52 silly audit   ssri: [ '8.0.1' ],
52 silly audit   stable: [ '0.1.8' ],
52 silly audit   'stack-utils': [ '2.0.6' ],
52 silly audit   stackframe: [ '1.3.4' ],
52 silly audit   'string-length': [ '4.0.2' ],
52 silly audit   'strip-bom': [ '4.0.0' ],
52 silly audit   'strip-eof': [ '1.0.0' ],
52 silly audit   'strip-final-newline': [ '2.0.0' ],
52 silly audit   'strip-indent': [ '2.0.0' ],
52 silly audit   'strip-json-comments': [ '3.1.1' ],
52 silly audit   stylehacks: [ '5.1.1' ],
52 silly audit   'supports-hyperlinks': [ '2.3.0' ],
52 silly audit   'supports-preserve-symlinks-flag': [ '1.0.0' ],
52 silly audit   svgo: [ '2.8.2' ],
52 silly audit   'symbol-tree': [ '3.2.4' ],
52 silly audit   table: [ '6.9.0' ],
52 silly audit   'terminal-link': [ '2.1.1' ],
52 silly audit   terser: [ '5.48.0' ],
52 silly audit   'terser-webpack-plugin': [ '5.6.0' ],
52 silly audit   'test-exclude': [ '6.0.0' ],
52 silly audit   'text-table': [ '0.2.0' ],
52 silly audit   thenify: [ '3.3.1' ],
52 silly audit   'thenify-all': [ '1.6.0' ],
52 silly audit   'thread-loader': [ '3.0.4' ],
52 silly audit   throat: [ '6.0.2' ],
52 silly audit   thunky: [ '1.1.0' ],
52 silly audit   tmpl: [ '1.0.5' ],
52 silly audit   'to-regex-range': [ '5.0.1' ],
52 silly audit   toidentifier: [ '1.0.1' ],
52 silly audit   totalist: [ '3.0.1' ],
52 silly audit   'tough-cookie': [ '4.1.4' ],
52 silly audit   universalify: [ '0.2.0', '2.0.1' ],
52 silly audit   'ts-loader': [ '9.5.7' ],
52 silly audit   tslib: [ '2.8.1', '1.14.1' ],
52 silly audit   tsutils: [ '3.21.0' ],
52 silly audit   'type-check': [ '0.4.0' ],
52 silly audit   'type-detect': [ '4.0.8' ],
52 silly audit   'type-is': [ '2.1.0', '1.6.18' ],
52 silly audit   'typedarray-to-buffer': [ '3.1.5' ],
52 silly audit   'undici-types': [ '7.24.6' ],
52 silly audit   unpipe: [ '1.0.0' ],
52 silly audit   'update-browserslist-db': [ '1.2.3' ],
52 silly audit   'uri-js': [ '4.4.1' ],
52 silly audit   'url-parse': [ '1.5.10' ],
52 silly audit   'util-deprecate': [ '1.0.2' ],
52 silly audit   utila: [ '0.4.0' ],
52 silly audit   'utils-merge': [ '1.0.1' ],
52 silly audit   uuid: [ '8.3.2' ],
52 silly audit   'v8-compile-cache': [ '2.4.0' ],
52 silly audit   'v8-to-istanbul': [ '8.1.1' ],
52 silly audit   'validate-npm-package-license': [ '3.0.4' ],
52 silly audit   vary: [ '1.1.2' ],
52 silly audit   vue: [ '3.5.34' ],
52 silly audit   'vue-component-type-helpers': [ '3.3.2' ],
52 silly audit   'vue-demi': [ '0.14.10' ],
52 silly audit   'vue-eslint-parser': [ '9.4.3' ],
52 silly audit   'vue-hot-reload-api': [ '2.3.4' ],
52 silly audit   'vue-router': [ '4.6.4' ],
52 silly audit   'vue-style-loader': [ '4.1.3' ],
52 silly audit   'vue-template-es2015-compiler': [ '1.9.1' ],
52 silly audit   'w3c-hr-time': [ '1.0.2' ],
52 silly audit   'w3c-xmlserializer': [ '2.0.0' ],
52 silly audit   walker: [ '1.0.8' ],
52 silly audit   watchpack: [ '2.5.1' ],
52 silly audit   wbuf: [ '1.7.3' ],
52 silly audit   wcwidth: [ '1.0.1' ],
52 silly audit   webpack: [ '5.107.2' ],
52 silly audit   'webpack-bundle-analyzer': [ '4.10.2' ],
52 silly audit   'webpack-chain': [ '6.5.1' ],
52 silly audit   'webpack-dev-middleware': [ '5.3.4' ],
52 silly audit   'webpack-dev-server': [ '4.15.2' ],
52 silly audit   ws: [ '8.21.0', '7.5.11' ],
52 silly audit   'webpack-merge': [ '5.10.0' ],
52 silly audit   'webpack-sources': [ '3.5.0' ],
52 silly audit   'webpack-virtual-modules': [ '0.4.6' ],
52 silly audit   'websocket-driver': [ '0.7.4' ],
52 silly audit   'websocket-extensions': [ '0.1.4' ],
52 silly audit   'whatwg-encoding': [ '1.0.5' ],
52 silly audit   'whatwg-fetch': [ '3.6.20' ],
52 silly audit   'whatwg-mimetype': [ '2.3.0' ],
52 silly audit   wildcard: [ '2.0.1' ],
52 silly audit   'word-wrap': [ '1.2.5' ],
52 silly audit   wrappy: [ '1.0.2' ],
52 silly audit   'write-file-atomic': [ '3.0.3' ],
52 silly audit   xmlchars: [ '2.2.0' ],
52 silly audit   y18n: [ '5.0.8' ],
52 silly audit   yaml: [ '1.10.3' ],
52 silly audit   yargs: [ '16.2.0' ],
52 silly audit   'yargs-parser': [ '20.2.9' ],
52 silly audit   yorkie: [ '2.0.0' ],
52 silly audit   '@logicflow/core': [ '1.2.27' ],
52 silly audit   '@logicflow/extension': [ '1.2.27' ],
52 silly audit   axios: [ '1.13.2' ],
52 silly audit   'core-js': [ '3.46.0' ],
52 silly audit   typescript: [ '5.4.5' ],
52 silly audit   'proxy-from-env': [ '1.1.0' ]
52 silly audit }
53 verbose reify failed optional dependency C:\Users\25329\Desktop\nexus-flow\node_modules\fsevents
54 silly reify mark deleted [ 'C:\\Users\\25329\\Desktop\\nexus-flow\\node_modules\\fsevents' ]
55 silly tarball no local data for typescript@https://registry.npmjs.org/typescript/-/typescript-5.4.5.tgz. Extracting by manifest.
56 silly tarball no local data for proxy-from-env@https://registry.npmjs.org/proxy-from-env/-/proxy-from-env-1.1.0.tgz. Extracting by manifest.
57 silly tarball no local data for @logicflow/core@https://registry.npmjs.org/@logicflow/core/-/core-1.2.27.tgz. Extracting by manifest.
58 silly tarball no local data for core-js@https://registry.npmjs.org/core-js/-/core-js-3.46.0.tgz. Extracting by manifest.
59 silly tarball no local data for axios@https://registry.npmjs.org/axios/-/axios-1.13.2.tgz. Extracting by manifest.
60 silly tarball no local data for @logicflow/extension@https://registry.npmjs.org/@logicflow/extension/-/extension-1.2.27.tgz. Extracting by manifest.
61 http fetch POST 200 https://registry.npmjs.org/-/npm/v1/security/advisories/bulk 477ms
62 silly audit report {
62 silly audit report   '@tootallnate/once': [
62 silly audit report     {
62 silly audit report       id: 1119438,
62 silly audit report       url: 'https://github.com/advisories/GHSA-vpq2-c234-7xj6',
62 silly audit report       title: '@tootallnate/once vulnerable to Incorrect Control Flow Scoping',
62 silly audit report       severity: 'low',
62 silly audit report       vulnerable_versions: '<2.0.1',
62 silly audit report       cwe: [Array],
62 silly audit report       cvss: [Object]
62 silly audit report     }
62 silly audit report   ],
62 silly audit report   postcss: [
62 silly audit report     {
62 silly audit report       id: 1109574,
62 silly audit report       url: 'https://github.com/advisories/GHSA-7fh5-64p2-3v2j',
62 silly audit report       title: 'PostCSS line return parsing error',
62 silly audit report       severity: 'moderate',
62 silly audit report       vulnerable_versions: '<8.4.31',
62 silly audit report       cwe: [Array],
62 silly audit report       cvss: [Object]
62 silly audit report     },
62 silly audit report     {
62 silly audit report       id: 1117015,
62 silly audit report       url: 'https://github.com/advisories/GHSA-qx2v-qp2m-jg93',
62 silly audit report       title: 'PostCSS has XSS via Unescaped </style> in its CSS Stringify Output',
62 silly audit report       severity: 'moderate',
62 silly audit report       vulnerable_versions: '<8.5.10',
62 silly audit report       cwe: [Array],
62 silly audit report       cvss: [Object]
62 silly audit report     }
62 silly audit report   ],
62 silly audit report   'cross-spawn': [
62 silly audit report     {
62 silly audit report       id: 1104663,
62 silly audit report       url: 'https://github.com/advisories/GHSA-3xgq-45jj-v275',
62 silly audit report       title: 'Regular Expression Denial of Service (ReDoS) in cross-spawn',
62 silly audit report       severity: 'high',
62 silly audit report       vulnerable_versions: '<6.0.6',
62 silly audit report       cwe: [Array],
62 silly audit report       cvss: [Object]
62 silly audit report     }
62 silly audit report   ],
62 silly audit report   'serialize-javascript': [
62 silly audit report     {
62 silly audit report       id: 1119440,
62 silly audit report       url: 'https://github.com/advisories/GHSA-qj8w-gfj5-8c6v',
62 silly audit report       title: 'Serialize JavaScript has CPU Exhaustion Denial of Service via crafted array-like objects',
62 silly audit report       severity: 'moderate',
62 silly audit report       vulnerable_versions: '>=5.0.0 <7.0.5',
62 silly audit report       cwe: [Array],
62 silly audit report       cvss: [Object]
62 silly audit report     },
62 silly audit report     {
62 silly audit report       id: 1113686,
62 silly audit report       url: 'https://github.com/advisories/GHSA-5c6j-r48x-rmvq',
62 silly audit report       title: 'Serialize JavaScript is Vulnerable to RCE via RegExp.flags and Date.prototype.toISOString()',
62 silly audit report       severity: 'high',
62 silly audit report       vulnerable_versions: '<=7.0.2',
62 silly audit report       cwe: [Array],
62 silly audit report       cvss: [Object]
62 silly audit report     }
62 silly audit report   ],
62 silly audit report   uuid: [
62 silly audit report     {
62 silly audit report       id: 1119441,
62 silly audit report       url: 'https://github.com/advisories/GHSA-w5hq-g745-h8pq',
62 silly audit report       title: 'uuid: Missing buffer bounds check in v3/v5/v6 when buf is provided',
62 silly audit report       severity: 'moderate',
62 silly audit report       vulnerable_versions: '<11.1.1',
62 silly audit report       cwe: [Array],
62 silly audit report       cvss: [Object]
62 silly audit report     }
62 silly audit report   ],
62 silly audit report   'webpack-dev-server': [
62 silly audit report     {
62 silly audit report       id: 1108429,
62 silly audit report       url: 'https://github.com/advisories/GHSA-9jgg-88mc-972h',
62 silly audit report       title: "webpack-dev-server users' source code may be stolen when they access a malicious web site with non-Chromium based browser",
62 silly audit report       severity: 'moderate',
62 silly audit report       vulnerable_versions: '<=5.2.0',
62 silly audit report       cwe: [Array],
62 silly audit report       cvss: [Object]
62 silly audit report     },
62 silly audit report     {
62 silly audit report       id: 1108430,
62 silly audit report       url: 'https://github.com/advisories/GHSA-4v9v-hfq4-rm2v',
62 silly audit report       title: "webpack-dev-server users' source code may be stolen when they access a malicious web site",
62 silly audit report       severity: 'moderate',
62 silly audit report       vulnerable_versions: '<=5.2.0',
62 silly audit report       cwe: [Array],
62 silly audit report       cvss: [Object]
62 silly audit report     },
62 silly audit report     {
62 silly audit report       id: 1119074,
62 silly audit report       url: 'https://github.com/advisories/GHSA-79cf-xcqc-c78w',
62 silly audit report       title: 'webpack-dev-server vulnerable to cross-origin source code exposure on non-HTTPS origins',
62 silly audit report       severity: 'moderate',
62 silly audit report       vulnerable_versions: '<=5.2.3',
62 silly audit report       cwe: [Array],
62 silly audit report       cvss: [Object]
62 silly audit report     }
62 silly audit report   ],
62 silly audit report   axios: [
62 silly audit report     {
62 silly audit report       id: 1118607,
62 silly audit report       url: 'https://github.com/advisories/GHSA-q8qp-cvcw-x6jj',
62 silly audit report       title: 'Axios has prototype pollution read-side gadgets in HTTP adapter that allow credential injection and request hijacking',
62 silly audit report       severity: 'high',
62 silly audit report       vulnerable_versions: '>=1.0.0 <1.15.2',
62 silly audit report       cwe: [Array],
62 silly audit report       cvss: [Object]
62 silly audit report     },
62 silly audit report     {
62 silly audit report       id: 1119404,
62 silly audit report       url: 'https://github.com/advisories/GHSA-fvcv-3m26-pcqx',
62 silly audit report       title: 'Axios has Unrestricted Cloud Metadata Exfiltration via Header Injection Chain',
62 silly audit report       severity: 'moderate',
62 silly audit report       vulnerable_versions: '>=1.0.0 <1.15.0',
62 silly audit report       cwe: [Array],
62 silly audit report       cvss: [Object]
62 silly audit report     },
62 silly audit report     {
62 silly audit report       id: 1116673,
62 silly audit report       url: 'https://github.com/advisories/GHSA-3p68-rc4w-qgx5',
62 silly audit report       title: 'Axios has a NO_PROXY Hostname Normalization Bypass that Leads to SSRF',
62 silly audit report       severity: 'moderate',
62 silly audit report       vulnerable_versions: '>=1.0.0 <1.15.0',
62 silly audit report       cwe: [Array],
62 silly audit report       cvss: [Object]
62 silly audit report     },
62 silly audit report     {
62 silly audit report       id: 1117574,
62 silly audit report       url: 'https://github.com/advisories/GHSA-w9j2-pvgh-6h63',
62 silly audit report       title: 'Axios: Authentication Bypass via Prototype Pollution Gadget in `validateStatus` Merge Strategy',
62 silly audit report       severity: 'moderate',
62 silly audit report       vulnerable_versions: '>=1.0.0 <1.15.1',
62 silly audit report       cwe: [Array],
62 silly audit report       cvss: [Object]
62 silly audit report     },
62 silly audit report     {
62 silly audit report       id: 1117576,
62 silly audit report       url: 'https://github.com/advisories/GHSA-pmwg-cvhr-8vh7',
62 silly audit report       title: 'Axios: Incomplete Fix for CVE-2025-62718 — NO_PROXY Protection Bypassed via RFC 1122 Loopback Subnet (127.0.0.0/8) in Axios 1.15.0',
62 silly audit report       severity: 'high',
62 silly audit report       vulnerable_versions: '>=1.0.0 <1.15.1',
62 silly audit report       cwe: [Array],
62 silly audit report       cvss: [Object]
62 silly audit report     },
62 silly audit report     {
62 silly audit report       id: 1117577,
62 silly audit report       url: 'https://github.com/advisories/GHSA-3w6x-2g7m-8v23',
62 silly audit report       title: 'Axios: Invisible JSON Response Tampering via Prototype Pollution Gadget in `parseReviver`',
62 silly audit report       severity: 'moderate',
62 silly audit report       vulnerable_versions: '>=1.0.0 <1.15.2',
62 silly audit report       cwe: [Array],
62 silly audit report       cvss: [Object]
62 silly audit report     },
62 silly audit report     {
62 silly audit report       id: 1117580,
62 silly audit report       url: 'https://github.com/advisories/GHSA-xhjh-pmcv-23jw',
62 silly audit report       title: 'Axios: Null Byte Injection via Reverse-Encoding in AxiosURLSearchParams',
62 silly audit report       severity: 'low',
62 silly audit report       vulnerable_versions: '>=1.0.0 <1.15.1',
62 silly audit report       cwe: [Array],
62 silly audit report       cvss: [Object]
62 silly audit report     },
62 silly audit report     {
62 silly audit report       id: 1117581,
62 silly audit report       url: 'https://github.com/advisories/GHSA-445q-vr5w-6q77',
62 silly audit report       title: 'Axios: CRLF Injection in multipart/form-data body via unsanitized blob.type in formDataToStream',
62 silly audit report       severity: 'moderate',
62 silly audit report       vulnerable_versions: '>=1.0.0 <1.15.1',
62 silly audit report       cwe: [Array],
62 silly audit report       cvss: [Object]
62 silly audit report     },
62 silly audit report     {
62 silly audit report       id: 1117583,
62 silly audit report       url: 'https://github.com/advisories/GHSA-m7pr-hjqh-92cm',
62 silly audit report       title: 'Axios: no_proxy bypass via IP alias allows SSRF',
62 silly audit report       severity: 'moderate',
62 silly audit report       vulnerable_versions: '>=1.0.0 <1.15.1',
62 silly audit report       cwe: [Array],
62 silly audit report       cvss: [Object]
62 silly audit report     },
62 silly audit report     {
62 silly audit report       id: 1117585,
62 silly audit report       url: 'https://github.com/advisories/GHSA-62hf-57xw-28j9',
62 silly audit report       title: 'Axios: unbounded recursion in toFormData causes DoS via deeply nested request data',
62 silly audit report       severity: 'moderate',
62 silly audit report       vulnerable_versions: '>=1.0.0 <1.15.1',
62 silly audit report       cwe: [Array],
62 silly audit report       cvss: [Object]
62 silly audit report     },
62 silly audit report     {
62 silly audit report       id: 1117587,
62 silly audit report       url: 'https://github.com/advisories/GHSA-5c9x-8gcm-mpgx',
62 silly audit report       title: "Axios' HTTP adapter-streamed uploads bypass maxBodyLength when maxRedirects: 0",
62 silly audit report       severity: 'moderate',
62 silly audit report       vulnerable_versions: '>=1.0.0 <1.15.1',
62 silly audit report       cwe: [Array],
62 silly audit report       cvss: [Object]
62 silly audit report     },
62 silly audit report     {
62 silly audit report       id: 1117589,
62 silly audit report       url: 'https://github.com/advisories/GHSA-vf2m-468p-8v99',
62 silly audit report       title: 'Axios: HTTP adapter streamed responses bypass maxContentLength',
62 silly audit report       severity: 'moderate',
62 silly audit report       vulnerable_versions: '>=1.0.0 <1.15.1',
62 silly audit report       cwe: [Array],
62 silly audit report       cvss: [Object]
62 silly audit report     },
62 silly audit report     {
62 silly audit report       id: 1117591,
62 silly audit report       url: 'https://github.com/advisories/GHSA-pf86-5x62-jrwf',
62 silly audit report       title: 'Axios: Prototype Pollution Gadgets - Response Tampering, Data Exfiltration, and Request Hijacking',
62 silly audit report       severity: 'high',
62 silly audit report       vulnerable_versions: '>=1.0.0 <1.15.1',
62 silly audit report       cwe: [Array],
62 silly audit report       cvss: [Object]
62 silly audit report     },
62 silly audit report     {
62 silly audit report       id: 1117593,
62 silly audit report       url: 'https://github.com/advisories/GHSA-6chq-wfr3-2hj9',
62 silly audit report       title: 'Axios: Header Injection via Prototype Pollution',
62 silly audit report       severity: 'high',
62 silly audit report       vulnerable_versions: '>=1.0.0 <1.15.1',
62 silly audit report       cwe: [Array],
62 silly audit report       cvss: [Object]
62 silly audit report     },
62 silly audit report     {
62 silly audit report       id: 1117595,
62 silly audit report       url: 'https://github.com/advisories/GHSA-xx6v-rp6x-q39c',
62 silly audit report       title: 'Axios: XSRF Token Cross-Origin Leakage via Prototype Pollution Gadget in `withXSRFToken` Boolean Coercion',
62 silly audit report       severity: 'moderate',
62 silly audit report       vulnerable_versions: '>=1.0.0 <1.15.1',
62 silly audit report       cwe: [Array],
62 silly audit report       cvss: [Object]
62 silly audit report     },
62 silly audit report     {
62 silly audit report       id: 1117858,
62 silly audit report       url: 'https://github.com/advisories/GHSA-43fc-jf86-j433',
62 silly audit report       title: 'Axios is Vulnerable to Denial of Service via __proto__ Key in mergeConfig',
62 silly audit report       severity: 'high',
62 silly audit report       vulnerable_versions: '>=1.0.0 <=1.13.4',
62 silly audit report       cwe: [Array],
62 silly audit report       cvss: [Object]
62 silly audit report     }
62 silly audit report   ]
62 silly audit report }
63 silly packumentCache corgi:https://registry.npmjs.org/@tootallnate%2fonce cache-miss
64 silly packumentCache corgi:https://registry.npmjs.org/postcss cache-miss
65 silly packumentCache corgi:https://registry.npmjs.org/cross-spawn cache-miss
66 silly packumentCache corgi:https://registry.npmjs.org/serialize-javascript cache-miss
67 silly packumentCache corgi:https://registry.npmjs.org/uuid cache-miss
68 silly packumentCache corgi:https://registry.npmjs.org/webpack-dev-server cache-miss
69 silly packumentCache corgi:https://registry.npmjs.org/axios cache-miss
70 http fetch GET 200 https://registry.npmjs.org/@tootallnate%2fonce 521ms (cache miss)
71 silly packumentCache corgi:https://registry.npmjs.org/@tootallnate%2fonce set size:undefined disposed:false
72 http fetch GET 200 https://registry.npmjs.org/uuid 977ms (cache miss)
73 silly packumentCache corgi:https://registry.npmjs.org/uuid set size:undefined disposed:false
74 http fetch GET 200 https://registry.npmjs.org/proxy-from-env/-/proxy-from-env-1.1.0.tgz 1451ms (cache miss)
75 http fetch GET 200 https://registry.npmjs.org/serialize-javascript 1006ms (cache miss)
76 silly packumentCache corgi:https://registry.npmjs.org/serialize-javascript set size:undefined disposed:false
77 http fetch GET 200 https://registry.npmjs.org/axios 1033ms (cache miss)
78 silly packumentCache corgi:https://registry.npmjs.org/axios set size:undefined disposed:false
79 http fetch GET 200 https://registry.npmjs.org/postcss 1092ms (cache miss)
80 silly packumentCache corgi:https://registry.npmjs.org/postcss set size:undefined disposed:false
81 http fetch GET 200 https://registry.npmjs.org/cross-spawn 1242ms (cache miss)
82 silly packumentCache corgi:https://registry.npmjs.org/cross-spawn set size:undefined disposed:false
83 http fetch GET 200 https://registry.npmjs.org/webpack-dev-server 1499ms (cache miss)
84 silly packumentCache corgi:https://registry.npmjs.org/webpack-dev-server set size:undefined disposed:false
85 silly packumentCache corgi:https://registry.npmjs.org/http-proxy-agent cache-miss
86 http fetch GET 200 https://registry.npmjs.org/@logicflow/core/-/core-1.2.27.tgz 2063ms (cache miss)
87 http fetch GET 200 https://registry.npmjs.org/axios/-/axios-1.13.2.tgz 2097ms (cache miss)
88 http fetch GET 200 https://registry.npmjs.org/http-proxy-agent 239ms (cache miss)
89 silly packumentCache corgi:https://registry.npmjs.org/http-proxy-agent set size:undefined disposed:false
90 silly packumentCache corgi:https://registry.npmjs.org/@vue%2fcomponent-compiler-utils cache-miss
91 http fetch GET 200 https://registry.npmjs.org/@vue%2fcomponent-compiler-utils 474ms (cache miss)
92 silly packumentCache corgi:https://registry.npmjs.org/@vue%2fcomponent-compiler-utils set size:undefined disposed:false
93 silly packumentCache corgi:https://registry.npmjs.org/execa cache-miss
94 http fetch GET 200 https://registry.npmjs.org/@logicflow/extension/-/extension-1.2.27.tgz 3078ms (cache miss)
95 http fetch GET 200 https://registry.npmjs.org/execa 425ms (cache miss)
96 silly packumentCache corgi:https://registry.npmjs.org/execa set size:undefined disposed:false
97 silly packumentCache corgi:https://registry.npmjs.org/copy-webpack-plugin cache-miss
98 silly packumentCache corgi:https://registry.npmjs.org/css-minimizer-webpack-plugin cache-miss
99 http fetch GET 200 https://registry.npmjs.org/typescript/-/typescript-5.4.5.tgz 3353ms (cache miss)
100 http fetch GET 200 https://registry.npmjs.org/css-minimizer-webpack-plugin 323ms (cache miss)
101 silly packumentCache corgi:https://registry.npmjs.org/css-minimizer-webpack-plugin set size:undefined disposed:false
102 http fetch GET 200 https://registry.npmjs.org/copy-webpack-plugin 497ms (cache miss)
103 silly packumentCache corgi:https://registry.npmjs.org/copy-webpack-plugin set size:undefined disposed:false
104 silly packumentCache corgi:https://registry.npmjs.org/sockjs cache-miss
105 http fetch GET 200 https://registry.npmjs.org/sockjs 241ms (cache miss)
106 silly packumentCache corgi:https://registry.npmjs.org/sockjs set size:undefined disposed:false
107 silly packumentCache corgi:https://registry.npmjs.org/@vue%2fcli-service cache-miss
108 http fetch GET 200 https://registry.npmjs.org/@vue%2fcli-service 504ms (cache miss)
109 silly packumentCache corgi:https://registry.npmjs.org/@vue%2fcli-service set size:undefined disposed:false
110 silly packumentCache corgi:https://registry.npmjs.org/jsdom cache-miss
111 http fetch GET 200 https://registry.npmjs.org/core-js/-/core-js-3.46.0.tgz 4834ms (cache miss)
112 info run core-js@3.46.0 postinstall node_modules/core-js node -e "try{require('./postinstall')}catch(e){}"
113 info run core-js@3.46.0 postinstall { code: 'EPERM', signal: undefined }
114 warn cleanup Failed to remove some directories [
114 warn cleanup   [
114 warn cleanup     'C:\\Users\\25329\\Desktop\\nexus-flow\\node_modules\\axios',
114 warn cleanup     [Error: EPERM: operation not permitted, rmdir 'C:\Users\25329\Desktop\nexus-flow\node_modules\axios\lib\env'] {
114 warn cleanup       errno: -4048,
114 warn cleanup       code: 'EPERM',
114 warn cleanup       syscall: 'rmdir',
114 warn cleanup       path: 'C:\\Users\\25329\\Desktop\\nexus-flow\\node_modules\\axios\\lib\\env'
114 warn cleanup     }
114 warn cleanup   ],
114 warn cleanup   [
114 warn cleanup     'C:\\Users\\25329\\Desktop\\nexus-flow\\node_modules\\@logicflow\\core',
114 warn cleanup     [Error: EPERM: operation not permitted, rmdir 'C:\Users\25329\Desktop\nexus-flow\node_modules\@logicflow\core\types'] {
114 warn cleanup       errno: -4048,
114 warn cleanup       code: 'EPERM',
114 warn cleanup       syscall: 'rmdir',
114 warn cleanup       path: 'C:\\Users\\25329\\Desktop\\nexus-flow\\node_modules\\@logicflow\\core\\types'
114 warn cleanup     }
114 warn cleanup   ],
114 warn cleanup   [
114 warn cleanup     'C:\\Users\\25329\\Desktop\\nexus-flow\\node_modules\\axios',
114 warn cleanup     [Error: EPERM: operation not permitted, rmdir 'C:\Users\25329\Desktop\nexus-flow\node_modules\axios\lib\platform\browser'] {
114 warn cleanup       errno: -4048,
114 warn cleanup       code: 'EPERM',
114 warn cleanup       syscall: 'rmdir',
114 warn cleanup       path: 'C:\\Users\\25329\\Desktop\\nexus-flow\\node_modules\\axios\\lib\\platform\\browser'
114 warn cleanup     }
114 warn cleanup   ],
114 warn cleanup   [
114 warn cleanup     'C:\\Users\\25329\\Desktop\\nexus-flow\\node_modules\\@logicflow\\extension',
114 warn cleanup     [Error: EPERM: operation not permitted, rmdir 'C:\Users\25329\Desktop\nexus-flow\node_modules\@logicflow\extension'] {
114 warn cleanup       errno: -4048,
114 warn cleanup       code: 'EPERM',
114 warn cleanup       syscall: 'rmdir',
114 warn cleanup       path: 'C:\\Users\\25329\\Desktop\\nexus-flow\\node_modules\\@logicflow\\extension'
114 warn cleanup     }
114 warn cleanup   ]
114 warn cleanup ]
115 http fetch GET 200 https://registry.npmjs.org/jsdom 2016ms (cache miss)
116 silly packumentCache corgi:https://registry.npmjs.org/jsdom set size:undefined disposed:false
117 silly packumentCache corgi:https://registry.npmjs.org/vue-loader cache-miss
118 verbose stack Error: spawn EPERM
118 verbose stack     at ChildProcess.spawn (node:internal/child_process:420:11)
118 verbose stack     at spawn (node:child_process:762:9)
118 verbose stack     at promiseSpawn (C:\Program Files\nodejs\node_modules\npm\node_modules\@npmcli\promise-spawn\lib\index.js:39:16)
118 verbose stack     at spawnWithShell (C:\Program Files\nodejs\node_modules\npm\node_modules\@npmcli\promise-spawn\lib\index.js:124:10)
118 verbose stack     at promiseSpawn (C:\Program Files\nodejs\node_modules\npm\node_modules\@npmcli\promise-spawn\lib\index.js:12:12)
118 verbose stack     at runScriptPkg (C:\Program Files\nodejs\node_modules\npm\node_modules\@npmcli\run-script\lib\run-script-pkg.js:77:13)
118 verbose stack     at runScript (C:\Program Files\nodejs\node_modules\npm\node_modules\@npmcli\run-script\lib\run-script.js:9:12)
118 verbose stack     at C:\Program Files\nodejs\node_modules\npm\node_modules\@npmcli\arborist\lib\arborist\rebuild.js:329:17
118 verbose stack     at run (C:\Program Files\nodejs\node_modules\npm\node_modules\promise-call-limit\dist\commonjs\index.js:67:22)
118 verbose stack     at C:\Program Files\nodejs\node_modules\npm\node_modules\promise-call-limit\dist\commonjs\index.js:84:9
119 error code EPERM
120 error syscall spawn
121 error errno -4048
122 error Error: spawn EPERM
122 error     at ChildProcess.spawn (node:internal/child_process:420:11)
122 error     at spawn (node:child_process:762:9)
122 error     at promiseSpawn (C:\Program Files\nodejs\node_modules\npm\node_modules\@npmcli\promise-spawn\lib\index.js:39:16)
122 error     at spawnWithShell (C:\Program Files\nodejs\node_modules\npm\node_modules\@npmcli\promise-spawn\lib\index.js:124:10)
122 error     at promiseSpawn (C:\Program Files\nodejs\node_modules\npm\node_modules\@npmcli\promise-spawn\lib\index.js:12:12)
122 error     at runScriptPkg (C:\Program Files\nodejs\node_modules\npm\node_modules\@npmcli\run-script\lib\run-script-pkg.js:77:13)
122 error     at runScript (C:\Program Files\nodejs\node_modules\npm\node_modules\@npmcli\run-script\lib\run-script.js:9:12)
122 error     at C:\Program Files\nodejs\node_modules\npm\node_modules\@npmcli\arborist\lib\arborist\rebuild.js:329:17
122 error     at run (C:\Program Files\nodejs\node_modules\npm\node_modules\promise-call-limit\dist\commonjs\index.js:67:22)
122 error     at C:\Program Files\nodejs\node_modules\npm\node_modules\promise-call-limit\dist\commonjs\index.js:84:9 {
122 error   errno: -4048,
122 error   code: 'EPERM',
122 error   syscall: 'spawn'
122 error }
123 error
123 error The operation was rejected by your operating system.
123 error It's possible that the file was already in use (by a text editor or antivirus),
123 error or that you lack permissions to access it.
123 error
123 error If you believe this might be a permissions issue, please double-check the
123 error permissions of the file and its containing directories, or try running
123 error the command again as root/Administrator.
124 silly unfinished npm timer reify 1779814045943
125 silly unfinished npm timer reify:audit 1779814053950
126 silly unfinished npm timer auditReport:init 1779814054434
127 silly unfinished npm timer reify:build 1779814058801
128 silly unfinished npm timer build 1779814058802
129 silly unfinished npm timer build:deps 1779814058802
130 silly unfinished npm timer build:run:postinstall 1779814058810
131 silly unfinished npm timer build:run:postinstall:node_modules/core-js 1779814058810
132 silly unfinished npm timer metavuln:calculate:security-advisory:@vue/cli-service:ZMjY/5vLDqmZio4hXwPub3PS6dmltsjvzj+BmX/d/5pMburg14ikU1X6AQTlzFZ5/FqnDzQi7j2zhaM4dYq1WA== 1779814060453
133 silly unfinished npm timer metavuln:calculate:security-advisory:vue-loader:ZMjY/5vLDqmZio4hXwPub3PS6dmltsjvzj+BmX/d/5pMburg14ikU1X6AQTlzFZ5/FqnDzQi7j2zhaM4dYq1WA== 1779814060453
134 silly unfinished npm timer metavuln:packument:vue-loader 1779814060453
135 silly unfinished npm timer metavuln:cache:put:security-advisory:@vue/cli-service:5Nc7/cwDslf0zBBnij47vjAWdeu3W60DlNnRoH+0xE/o0m95uN8NqcFpZzSdz5kozxK08nFLWGY2kC0mHsm8OA== 1779814060458
136 verbose cwd C:\Users\25329\Desktop\nexus-flow
137 verbose os Windows_NT 10.0.22631
138 verbose node v20.20.0
139 verbose npm  v10.8.2
140 notice
140 notice New major version of npm available! 10.8.2 -> 11.15.0
140 notice Changelog: https://github.com/npm/cli/releases/tag/v11.15.0
140 notice To update run: npm install -g npm@11.15.0
140 notice  { force: true, [Symbol(proc-log.meta)]: true }
141 verbose exit -4048
142 verbose code -4048
143 error A complete log of this run can be found in: C:\Users\25329\Desktop\nexus-flow\.npm-cache\_logs\2026-05-26T16_47_25_106Z-debug-0.log
